{
  "name": "brand-new-app",
  "version": "0.0.1",
  "private": true,
  "main": "server.js",
  "scripts": {
    "start": "nodemon server.js",
    "console": "db-console",
    "seed": "seedgoose seed",
    "reseed": "seedgoose reseed",
    "unseed": "seedgoose unseed"
  },
  "dependencies": {
    "apollo-server": "^2.0.0",
    "glob": "latest",
    "graphql": "^14.0.0",
    "graphql-middleware": "^3.0.0",
    "lodash.map": "latest",
    "lodash.merge": "latest",
    "merge-graphql-schemas": "^1.0.0",
    "mongoose": "^5.0.0",
    "mongoose-uploader": "0.0.4",
    "noenv": "latest"
  },
  "devDependencies": {
    "db-console": "^1.0.0",
    "eslint": "latest",
    "eslint-config-man": "latest",
    "nodemon": "latest",
    "seedgoose": "^2.0.0"
  }
}
