{
  "verbose": false,
  "ignore": ["data/**/*", "scripts/**/*", "package.json"],
  "ext": "js json gql"
}
